files/97.csv
id,week,center_id,meal_id,checkout_price,base_price,emailer_for_promotion,homepage_featured,num_orders
1496525,1,97,1770,484.03,485.03,0,0,94
1313634,2,97,1770,484.03,485.03,0,0,26
1197516,3,97,1770,484.03,485.03,0,0,54
1011676,4,97,1770,486.03,486.03,0,0,40
1306701,5,97,1770,484.03,486.03,0,0,15
1041901,6,97,1770,486.03,486.03,0,0,15
1063479,7,97,1770,484.03,486.03,0,0,15
1250050,8,97,1770,486.03,485.03,0,0,14
1417534,9,97,1770,486.03,486.03,0,0,26
1035077,10,97,1770,486.03,484.03,0,0,13
1298676,13,97,1770,485.03,485.03,0,0,15
1092375,15,97,1770,484.03,484.03,0,0,14
1389035,19,97,1770,437.53,486.03,0,0,27
1135593,21,97,1770,484.03,486.03,0,0,41
1148341,25,97,1770,485.03,486.03,0,0,41
1252106,26,97,1770,484.03,485.03,0,0,15
1208830,27,97,1770,484.03,486.03,0,0,13
1102876,28,97,1770,435.53,484.03,0,0,27
1110625,29,97,1770,389.03,486.03,0,0,26
1161728,30,97,1770,388.03,484.03,0,0,28
1391096,31,97,1770,387.03,485.03,0,0,14
1029610,33,97,1770,486.03,486.03,0,0,28
1184270,34,97,1770,484.03,486.03,0,0,13
1443065,37,97,1770,486.03,484.03,0,0,15
1266681,38,97,1770,484.03,484.03,0,0,26
1127957,40,97,1770,485.03,485.03,0,0,13
1305410,42,97,1770,486.03,486.03,0,0,15
1271986,45,97,1770,435.53,486.03,0,0,13
1006409,48,97,1770,437.53,486.03,0,0,41
1078612,51,97,1770,485.03,486.03,0,0,41
1418977,52,97,1770,435.53,485.03,0,0,27
1444400,53,97,1770,389.03,485.03,0,0,42
1297840,54,97,1770,387.03,486.03,0,0,13
1156923,55,97,1770,389.03,486.03,0,0,27
1050307,56,97,1770,387.03,486.03,0,0,42
1047655,57,97,1770,486.03,486.03,0,0,28
1018474,58,97,1770,485.03,485.03,0,0,26
1177350,59,97,1770,486.03,484.03,0,0,26
1270640,60,97,1770,486.03,485.03,0,0,55
1449144,61,97,1770,486.03,485.03,0,0,13
1014098,62,97,1770,485.03,484.03,0,0,15
1303081,63,97,1770,484.03,486.03,0,0,28
1344500,64,97,1770,485.03,485.03,0,0,42
1113255,65,97,1770,485.03,484.03,0,0,28
1123532,66,97,1770,485.03,486.03,0,0,15
1491822,67,97,1770,478.24,478.24,0,0,42
1394249,68,97,1770,464.63,466.63,0,0,26
1294055,69,97,1770,465.63,466.63,0,0,13
1152024,70,97,1770,464.63,466.63,0,0,42
1140640,73,97,1770,484.03,486.03,0,0,40
1221259,75,97,1770,486.03,484.03,0,0,15
1044113,76,97,1770,484.03,486.03,0,0,15
1472902,77,97,1770,484.03,485.03,0,0,41
1176389,78,97,1770,484.03,486.03,0,0,14
1449139,79,97,1770,485.03,486.03,0,0,14
1134906,81,97,1770,484.03,485.03,0,0,26
1222859,82,97,1770,484.03,484.03,0,0,14
1321225,83,97,1770,485.03,485.03,0,0,28
1115575,84,97,1770,484.03,486.03,0,0,42
1299670,86,97,1770,484.03,486.03,0,0,14
1281481,89,97,1770,469.48,471.48,0,0,27
1195151,91,97,1770,454.93,456.93,0,0,15
1310219,92,97,1770,455.93,456.93,0,0,27
1271741,93,97,1770,477.24,479.24,0,0,54
1169515,94,97,1770,485.03,484.03,0,0,42
1103689,96,97,1770,486.03,484.03,0,0,55
1008411,97,97,1770,486.03,484.03,0,0,13
1335223,98,97,1770,486.03,486.03,0,0,26
1048723,99,97,1770,484.03,485.03,0,0,14
1388561,101,97,1770,485.03,486.03,0,0,15
1108371,103,97,1770,486.03,484.03,0,0,55
1336572,104,97,1770,448.14,448.14,0,0,28
1476628,105,97,1770,412.28,413.28,0,0,15
1212628,106,97,1770,411.28,413.28,0,0,55
1212874,107,97,1770,413.28,412.28,0,0,67
1482694,108,97,1770,436.53,435.53,0,0,42
1153385,110,97,1770,484.03,484.03,0,0,42
1307644,111,97,1770,484.03,486.03,0,0,27
1304434,112,97,1770,484.03,484.03,0,0,26
1036071,114,97,1770,485.03,485.03,0,0,41
1495557,115,97,1770,485.03,485.03,0,0,28
1393646,117,97,1770,484.03,484.03,0,0,41
1033200,118,97,1770,485.03,486.03,0,0,42
1293274,119,97,1770,485.03,486.03,0,0,14
1318573,120,97,1770,413.28,485.03,0,0,40
1311110,121,97,1770,412.28,486.03,0,0,42
1234800,122,97,1770,413.28,486.03,0,0,15
1228934,123,97,1770,430.71,484.03,0,0,54
1311189,125,97,1770,486.03,486.03,0,0,40
1030056,127,97,1770,486.03,485.03,0,0,26
1117490,128,97,1770,486.03,485.03,0,0,27
1225881,129,97,1770,485.03,484.03,0,0,27
1440979,130,97,1770,445.23,445.23,0,0,67
1252705,131,97,1770,446.23,445.23,0,0,26
1329516,132,97,1770,445.23,447.23,0,0,55
1046068,133,97,1770,447.23,447.23,0,0,27
1108469,134,97,1770,484.03,484.03,0,0,15
1460324,135,97,1770,486.03,485.03,0,0,14
1258986,136,97,1770,484.03,486.03,0,0,54
1300342,138,97,1770,484.03,485.03,0,0,13
1155195,139,97,1770,484.03,485.03,0,0,67
1316034,140,97,1770,484.03,486.03,0,0,40
1264685,142,97,1770,486.03,486.03,0,0,15
1458876,143,97,1770,485.03,486.03,0,0,15
1259084,145,97,1770,465.63,464.63,0,0,41
1157069,1,97,1558,583.03,613.1,1,1,189
1307814,2,97,1558,582.03,612.1,1,1,339
1484338,3,97,1558,612.13,610.13,0,0,94
1058277,4,97,1558,612.13,611.13,0,0,149
1269802,5,97,1558,617.92,618.92,0,0,135
1019616,6,97,1558,619.83,621.83,0,0,109
1424271,7,97,1558,620.83,621.83,0,0,134
1435487,8,97,1558,609.22,608.22,0,0,135
1475594,9,97,1558,583.94,583.94,0,0,162
1439448,10,97,1558,582.03,581.03,0,0,96
1258067,11,97,1558,583.03,582.03,0,0,95
1068260,12,97,1558,532.53,582.03,1,1,270
1133593,13,97,1558,534.53,581.03,1,1,325
1192453,14,97,1558,640.23,641.23,0,0,123
1099664,15,97,1558,640.23,640.23,0,0,175
1354698,16,97,1558,640.23,639.23,0,0,150
1150264,17,97,1558,640.23,639.23,0,0,95
1165193,18,97,1558,640.23,641.23,0,0,107
1373777,19,97,1558,639.23,641.23,0,0,108
1096415,20,97,1558,484.03,639.23,1,1,418
1142963,21,97,1558,500.52,639.23,1,1,256
1462350,22,97,1558,640.23,639.23,0,0,94
1297333,23,97,1558,641.23,640.23,0,0,122
1045787,24,97,1558,639.23,641.23,0,0,134
1279971,25,97,1558,639.23,641.23,0,0,204
1455354,26,97,1558,492.79,641.23,1,1,242
1185408,27,97,1558,489.85,639.23,1,1,379
1106077,28,97,1558,639.23,640.23,0,0,94
1195891,29,97,1558,640.23,640.23,0,0,81
1016544,30,97,1558,640.23,640.23,0,0,202
1191922,31,97,1558,641.23,641.23,0,0,109
1351334,32,97,1558,640.23,641.23,0,0,163
1189700,33,97,1558,639.23,640.23,0,0,68
1245548,34,97,1558,641.23,639.23,0,0,40
1303423,35,97,1558,641.23,639.23,0,0,136
1435466,36,97,1558,640.23,640.23,0,0,55
1080223,37,97,1558,433.59,640.23,1,1,1241
1396446,38,97,1558,435.59,640.23,1,1,1176
1016128,39,97,1558,435.59,640.23,0,0,431
1383456,40,97,1558,435.59,640.23,0,0,352
1071521,41,97,1558,640.23,640.23,0,0,148
1349092,42,97,1558,641.23,640.23,0,0,107
1376706,43,97,1558,641.23,640.23,0,0,135
1357801,44,97,1558,639.23,639.23,0,0,96
1432741,45,97,1558,534.53,641.23,1,1,284
1117357,46,97,1558,533.53,640.23,1,0,135
1352046,47,97,1558,533.53,640.23,1,0,163
1180618,48,97,1558,640.23,640.23,0,0,189
1358414,49,97,1558,639.23,640.23,0,0,189
1051899,50,97,1558,641.23,641.23,0,0,161
1254036,51,97,1558,641.23,641.23,0,0,204
1420338,52,97,1558,641.23,640.23,0,0,163
1384283,53,97,1558,641.23,640.23,0,0,161
1040061,54,97,1558,639.23,641.23,0,0,108
1051764,55,97,1558,486.03,640.23,1,1,447
1253760,56,97,1558,640.23,640.23,0,1,149
1059698,57,97,1558,641.23,639.23,0,0,69
1019078,58,97,1558,640.23,640.23,0,0,82
1399045,59,97,1558,641.23,640.23,0,0,109
1236428,60,97,1558,641.23,640.23,0,0,149
1097853,61,97,1558,440.41,641.23,1,1,499
1018111,62,97,1558,442.38,639.23,0,1,230
1456462,63,97,1558,435.59,640.23,1,1,702
1015161,64,97,1558,435.59,639.23,1,0,728
1445229,65,97,1558,640.23,640.23,0,0,67
1421192,66,97,1558,640.23,639.23,0,0,69
1444823,67,97,1558,640.23,641.23,0,0,134
1379680,68,97,1558,639.23,639.23,0,0,107
1226374,69,97,1558,640.23,640.23,0,0,80
1200537,70,97,1558,641.23,641.23,0,0,81
1273518,71,97,1558,641.23,641.23,0,0,148
1095206,72,97,1558,641.23,640.23,0,0,82
1045553,73,97,1558,639.23,639.23,0,0,108
1464664,74,97,1558,640.23,641.23,0,0,96
1481204,75,97,1558,488.91,639.23,1,1,419
1469265,76,97,1558,485.03,640.23,1,1,392
1431764,77,97,1558,623.71,624.71,0,0,109
1198598,78,97,1558,640.23,640.23,0,0,82
1027343,79,97,1558,462.69,640.23,1,1,459
1285473,80,97,1558,639.23,641.23,0,0,122
1130668,81,97,1558,639.23,640.23,0,0,94
1204397,82,97,1558,639.23,639.23,0,0,188
1475431,83,97,1558,640.23,639.23,0,0,80
1143978,84,97,1558,489.91,639.23,1,1,595
1230895,85,97,1558,486.03,639.23,1,1,392
1494758,86,97,1558,484.03,640.23,0,0,177
1141143,87,97,1558,484.03,639.23,0,0,215
1374090,88,97,1558,484.03,641.23,0,0,351
1040363,89,97,1558,462.69,641.23,1,1,419
1148042,90,97,1558,497.64,640.23,0,0,163
1425451,91,97,1558,485.03,639.23,0,0,149
1267821,92,97,1558,436.53,640.23,1,1,622
1346049,93,97,1558,437.53,641.23,1,1,755
1084927,94,97,1558,639.23,641.23,0,0,55
1435241,95,97,1558,641.23,639.23,0,0,42
1435892,96,97,1558,640.23,639.23,0,0,109
1048654,97,97,1558,640.23,640.23,0,0,68
1124561,98,97,1558,533.5,641.23,1,0,162
1280918,99,97,1558,549.02,641.23,1,0,94
1264856,100,97,1558,614.04,613.04,0,0,54
1231213,101,97,1558,639.23,639.23,0,0,134
1024437,102,97,1558,640.23,640.23,0,0,163
1189253,103,97,1558,640.23,641.23,0,0,162
1130414,104,97,1558,640.23,641.23,0,0,162
1182035,105,97,1558,641.23,641.23,0,0,136
1473510,106,97,1558,639.23,640.23,0,0,108
1275071,107,97,1558,640.23,641.23,0,0,55
1110977,108,97,1558,485.03,640.23,0,1,593
1073753,109,97,1558,493.73,640.23,1,1,419
1141311,110,97,1558,639.23,640.23,0,0,27
1494877,111,97,1558,639.23,641.23,0,0,68
1364125,112,97,1558,641.23,640.23,0,0,161
1324960,113,97,1558,463.69,639.23,1,1,513
1288796,114,97,1558,466.57,641.23,1,1,580
1434437,115,97,1558,468.54,641.23,1,1,404
1017686,116,97,1558,463.69,640.23,1,1,338
1273779,117,97,1558,438.44,640.23,1,0,377
1274804,118,97,1558,641.23,641.23,0,0,94
1358512,119,97,1558,641.23,640.23,0,0,80
1087183,120,97,1558,656.69,656.69,0,0,134
1285414,121,97,1558,490.88,657.69,1,1,593
1446298,122,97,1558,630.53,629.53,0,0,80
1352644,123,97,1558,521.89,629.53,0,0,202
1161543,124,97,1558,513.19,630.53,0,0,202
1074679,125,97,1558,513.19,629.53,0,0,284
1111971,126,97,1558,513.19,630.53,1,0,311
1225715,127,97,1558,512.19,630.53,1,1,337
1428683,128,97,1558,513.19,630.53,0,0,190
1340127,129,97,1558,512.19,630.53,0,0,350
1229726,130,97,1558,486.97,629.53,1,1,404
1213472,131,97,1558,487.97,629.53,1,0,323
1391102,132,97,1558,537.38,629.53,0,0,256
1070081,133,97,1558,549.08,547.08,0,0,256
1010549,134,97,1558,549.08,547.08,0,0,109
1022906,135,97,1558,534.47,549.08,1,1,256
1139337,136,97,1558,533.53,549.08,1,1,567
1003322,137,97,1558,547.08,547.08,0,0,312
1402892,138,97,1558,549.08,549.08,0,0,176
1350551,139,97,1558,547.08,549.08,0,0,136
1061534,140,97,1558,548.08,549.08,0,0,257
1261901,141,97,1558,501.55,549.08,1,1,744
1392132,142,97,1558,515.13,547.08,1,1,566
1413353,143,97,1558,548.11,546.11,0,0,204
1130059,144,97,1558,549.08,548.08,0,0,230
1476771,145,97,1558,549.08,549.08,0,0,175
1124990,1,97,2581,581.03,611.1,1,1,311
1234522,2,97,2581,584,611.1,1,1,339
1203944,3,97,2581,610.13,610.13,0,0,136
1163106,4,97,2581,611.13,611.13,0,0,150
1030334,5,97,2581,620.83,621.83,0,0,108
1015698,6,97,2581,621.83,619.83,0,0,121
1130043,7,97,2581,620.83,621.83,0,0,136
1324927,8,97,2581,613.07,614.07,0,0,231
1017614,9,97,2581,584.91,586.91,0,0,121
1130101,10,97,2581,584.97,583.97,0,0,258
1327606,11,97,2581,583.94,584.94,0,0,202
1238391,12,97,2581,533.53,584.94,1,0,393
1345366,13,97,2581,533.53,583.94,1,1,283
1011183,14,97,2581,641.23,639.23,0,0,135
1165125,15,97,2581,640.23,640.23,0,0,176
1243455,16,97,2581,639.23,639.23,0,0,109
1420450,17,97,2581,639.23,640.23,0,0,163
1329581,18,97,2581,639.23,640.23,0,0,135
1179851,19,97,2581,640.23,641.23,0,0,95
1485015,20,97,2581,484.03,639.23,1,1,202
1244542,21,97,2581,485.03,640.23,1,1,231
1358590,22,97,2581,639.23,640.23,0,0,96
1440734,23,97,2581,641.23,639.23,0,0,107
1169992,24,97,2581,641.23,640.23,0,0,68
1063622,25,97,2581,639.23,641.23,0,0,135
1486020,26,97,2581,492.82,641.23,1,0,310
1376104,27,97,2581,490.85,640.23,1,1,350
1369660,28,97,2581,639.23,641.23,0,0,188
1304197,29,97,2581,640.23,641.23,0,0,175
1421517,30,97,2581,640.23,639.23,0,0,94
1166781,31,97,2581,641.23,639.23,0,0,134
1226392,32,97,2581,641.23,640.23,0,0,55
1441605,33,97,2581,640.23,639.23,0,0,67
1301634,34,97,2581,641.23,640.23,0,0,95
1462534,35,97,2581,640.23,639.23,0,0,149
1254328,36,97,2581,639.23,640.23,0,0,109
1096163,37,97,2581,438.47,641.23,1,1,1296
1383071,38,97,2581,433.59,640.23,1,1,1296
1421577,39,97,2581,434.59,639.23,0,1,499
1375596,40,97,2581,443.35,639.23,0,1,757
1374213,41,97,2581,640.23,639.23,0,0,148
1269534,42,97,2581,641.23,640.23,0,0,136
1437899,43,97,2581,639.23,639.23,0,0,162
1064652,44,97,2581,641.23,641.23,0,0,122
1313501,45,97,2581,533.53,639.23,1,1,134
1431253,46,97,2581,532.53,640.23,1,0,296
1452168,47,97,2581,549.99,639.23,1,0,69
1029883,48,97,2581,640.23,641.23,0,0,80
1493701,49,97,2581,640.23,639.23,0,0,14
1206467,50,97,2581,639.23,639.23,0,0,95
1214524,51,97,2581,640.23,641.23,0,0,80
1176170,52,97,2581,641.23,641.23,0,0,107
1289213,53,97,2581,639.23,639.23,0,0,81
1096707,54,97,2581,641.23,639.23,0,0,107
1305449,55,97,2581,501.55,640.23,1,1,405
1443285,56,97,2581,641.23,641.23,0,1,190
1002708,57,97,2581,641.23,641.23,0,0,109
1012599,58,97,2581,640.23,639.23,0,0,176
1086887,59,97,2581,641.23,640.23,0,0,80
1086836,60,97,2581,639.23,641.23,0,0,80
1449985,61,97,2581,433.59,639.23,1,1,608
1227640,62,97,2581,433.59,640.23,0,1,231
1051493,63,97,2581,437.5,641.23,1,1,1067
1106892,64,97,2581,434.59,639.23,1,1,499
1203321,65,97,2581,572.36,640.23,0,0,95
1324045,66,97,2581,640.23,641.23,0,0,80
1301349,67,97,2581,639.23,640.23,0,0,54
1012636,68,97,2581,641.23,640.23,0,0,149
1190411,69,97,2581,640.23,639.23,0,0,94
1463063,70,97,2581,640.23,641.23,0,0,68
1276446,71,97,2581,641.23,641.23,0,0,122
1139645,72,97,2581,640.23,641.23,0,0,55
1028157,73,97,2581,641.23,639.23,0,0,40
1261017,74,97,2581,639.23,639.23,0,0,107
1199345,75,97,2581,491.85,641.23,1,1,325
1238841,76,97,2581,491.82,639.23,1,0,310
1253722,77,97,2581,640.23,641.23,0,0,53
1258814,78,97,2581,640.23,639.23,0,0,81
1403625,79,97,2581,463.69,641.23,1,1,256
1178138,80,97,2581,640.23,641.23,0,0,109
1306044,81,97,2581,640.23,641.23,0,0,55
1187133,82,97,2581,640.23,641.23,0,0,81
1470304,83,97,2581,639.23,641.23,0,0,53
1423142,84,97,2581,489.85,640.23,1,1,377
1102384,85,97,2581,484.03,641.23,1,1,257
1032298,86,97,2581,486.03,639.23,0,0,121
1022054,87,97,2581,486.03,641.23,0,0,150
1213927,88,97,2581,485.03,641.23,0,0,229
1211297,89,97,2581,471.48,639.23,1,1,337
1441713,90,97,2581,486.03,641.23,0,0,188
1212972,91,97,2581,485.03,639.23,0,0,188
1405394,92,97,2581,435.53,641.23,1,1,717
1490755,93,97,2581,441.38,639.23,1,1,485
1290310,94,97,2581,641.23,640.23,0,0,55
1138328,95,97,2581,640.23,639.23,0,0,107
1187574,96,97,2581,640.23,639.23,0,0,40
1434431,97,97,2581,639.23,639.23,0,0,95
1373980,98,97,2581,533.5,640.23,1,0,150
1465564,99,97,2581,533.5,640.23,1,1,95
1108096,100,97,2581,606.31,604.31,0,0,40
1056492,101,97,2581,640.23,639.23,0,0,82
1300321,102,97,2581,641.23,639.23,0,0,149
1361717,103,97,2581,640.23,640.23,0,0,121
1198513,104,97,2581,640.23,640.23,0,0,134
1283947,105,97,2581,639.23,641.23,0,0,136
1138729,106,97,2581,641.23,641.23,0,0,96
1323521,107,97,2581,641.23,639.23,0,0,27
1319765,108,97,2581,486.03,639.23,0,1,339
1432746,109,97,2581,487.97,641.23,1,0,863
1375197,110,97,2581,616.92,618.92,0,0,96
1437140,111,97,2581,639.23,639.23,0,0,54
1178737,112,97,2581,640.23,640.23,0,0,242
1248695,113,97,2581,462.69,641.23,1,1,446
1429503,114,97,2581,462.69,641.23,1,1,420
1110692,115,97,2581,462.69,641.23,1,1,366
1179957,116,97,2581,463.69,639.23,1,1,350
1099907,117,97,2581,452.08,641.23,1,0,433
1271976,118,97,2581,640.23,640.23,0,0,54
1220814,119,97,2581,640.23,641.23,0,0,135
1366016,120,97,2581,660.63,660.63,0,0,123
1169506,121,97,2581,487,659.63,1,1,500
1191808,122,97,2581,659.63,658.63,0,0,42
1312879,123,97,2581,526.77,659.63,0,0,135
1073873,124,97,2581,511.19,659.63,0,0,149
1190293,125,97,2581,511.19,660.63,0,0,231
1448688,126,97,2581,513.19,659.63,1,0,229
1292129,127,97,2581,511.19,658.63,1,1,446
1351484,128,97,2581,511.19,659.63,0,0,135
1099350,129,97,2581,512.19,659.63,0,0,148
1293387,130,97,2581,487,660.63,1,1,512
1367480,131,97,2581,485.03,659.63,1,1,352
1115302,132,97,2581,548.08,660.63,0,0,163
1062565,133,97,2581,548.08,547.08,0,0,135
1024696,134,97,2581,549.08,548.08,0,0,189
1360246,135,97,2581,533.53,549.08,1,1,311
1190759,136,97,2581,533.53,549.08,1,1,420
1272131,137,97,2581,549.08,548.08,0,0,150
1431108,138,97,2581,547.08,548.08,0,0,189
1123103,139,97,2581,549.08,549.08,0,0,231
1389766,140,97,2581,548.08,547.08,0,0,244
1140163,141,97,2581,495.7,548.08,1,1,649
1445171,142,97,2581,512.16,548.08,1,0,635
1344664,143,97,2581,548.08,549.08,0,0,243
1466494,144,97,2581,547.08,548.08,0,0,177
1087876,145,97,2581,548.08,548.08,0,0,217
