files/97.csv
id,week,center_id,meal_id,checkout_price,base_price,emailer_for_promotion,homepage_featured,num_orders
1002303,1,97,2304,504.43,505.43,0,0,80
1217148,2,97,2304,503.43,504.43,0,0,28
1217612,3,97,2304,504.43,503.43,0,0,13
1264521,4,97,2304,503.43,503.43,0,0,27
1324413,5,97,2304,483.12,483.12,0,0,40
1161961,6,97,2304,438.5,481.12,1,0,67
1252475,7,97,2304,437.5,481.12,1,0,81
1125580,8,97,2304,438.5,436.5,0,0,80
1199488,9,97,2304,436.5,438.5,0,0,27
1209966,10,97,2304,503.43,505.43,0,0,14
1164875,11,97,2304,503.43,503.43,0,0,40
1191950,12,97,2304,504.43,505.43,0,0,14
1302625,13,97,2304,504.43,504.43,0,0,13
1371819,14,97,2304,387.03,505.43,0,0,68
1036875,15,97,2304,388.03,505.43,1,0,53
1214078,16,97,2304,389.03,505.43,0,0,26
1277950,17,97,2304,389.03,505.43,0,0,27
1201878,18,97,2304,387.03,503.43,0,0,28
1356112,19,97,2304,387.03,504.43,0,0,55
1484971,20,97,2304,389.03,503.43,0,0,26
1022527,24,97,2304,503.43,503.43,0,0,14
1256801,25,97,2304,504.43,505.43,0,0,14
1424554,26,97,2304,505.43,503.43,0,0,26
1334601,28,97,2304,503.43,505.43,0,0,14
1454313,29,97,2304,505.43,503.43,0,0,13
1076559,30,97,2304,505.43,505.43,0,0,27
1184366,31,97,2304,445.23,504.43,0,0,26
1276873,32,97,2304,388.03,503.43,1,0,188
1020000,33,97,2304,388.03,505.43,1,0,69
1127481,34,97,2304,388.03,504.43,0,0,27
1396439,35,97,2304,388.03,504.43,0,0,41
1247447,36,97,2304,478.24,477.24,0,0,41
1347946,37,97,2304,464.63,466.63,0,0,14
1382538,38,97,2304,464.63,466.63,0,0,55
1273968,39,97,2304,466.63,466.63,0,0,54
1440605,40,97,2304,465.63,466.63,0,0,14
1395934,41,97,2304,466.63,465.63,0,0,26
1159346,42,97,2304,426.83,427.83,0,0,53
1377292,43,97,2304,387.03,425.83,1,1,351
1339862,44,97,2304,388.03,426.83,1,1,122
1386485,45,97,2304,395.79,395.79,0,0,134
1445143,46,97,2304,465.63,464.63,0,0,67
1437596,47,97,2304,466.63,466.63,0,0,15
1102033,48,97,2304,466.63,466.63,0,0,81
1456180,49,97,2304,465.63,466.63,0,0,28
1130539,51,97,2304,466.63,466.63,0,0,42
1472041,52,97,2304,465.63,466.63,0,0,26
1035084,53,97,2304,464.63,465.63,0,0,28
1062398,54,97,2304,465.63,465.63,0,0,14
1182688,55,97,2304,387.03,464.63,1,0,53
1392924,56,97,2304,471.42,471.42,0,0,40
1480720,57,97,2304,387.03,473.42,0,0,107
1104766,58,97,2304,387.03,473.42,0,0,67
1205047,60,97,2304,514.13,513.13,0,0,26
1171666,61,97,2304,515.13,515.13,0,0,14
1211757,63,97,2304,513.13,513.13,0,0,40
1077760,64,97,2304,514.13,514.13,0,0,54
1232122,65,97,2304,513.13,513.13,0,0,28
1293618,66,97,2304,514.13,515.13,0,0,40
1430419,67,97,2304,515.13,515.13,0,0,13
1467167,68,97,2304,515.13,515.13,0,0,28
1414189,70,97,2304,514.13,515.13,0,0,67
1444794,71,97,2304,514.13,515.13,0,0,68
1260227,72,97,2304,375.39,514.13,1,1,81
1229272,73,97,2304,388.03,513.13,0,1,40
1138845,74,97,2304,278.42,513.13,0,1,420
1118349,75,97,2304,344.41,515.13,1,1,215
1321506,76,97,2304,258.05,515.13,1,1,432
1283919,77,97,2304,249.29,513.13,1,1,473
1229504,78,97,2304,513.13,513.13,0,1,14
1395267,79,97,2304,514.13,513.13,0,0,41
1045400,80,97,2304,514.13,515.13,0,0,28
1030758,81,97,2304,513.13,513.13,0,0,15
1499991,82,97,2304,513.13,515.13,0,0,14
1019249,83,97,2304,388.03,514.13,1,0,94
1419528,84,97,2304,388.03,515.13,0,1,80
1315406,85,97,2304,388.03,515.13,0,1,95
1196006,86,97,2304,389.03,514.13,0,0,54
1123162,89,97,2304,515.13,513.13,0,0,26
1134463,90,97,2304,513.13,514.13,0,0,41
1268585,91,97,2304,514.13,515.13,0,0,15
1389115,92,97,2304,514.13,514.13,0,0,14
1272192,93,97,2304,515.13,515.13,0,0,27
1394924,94,97,2304,515.13,515.13,0,0,27
1096186,95,97,2304,473.39,474.39,0,0,13
1430356,96,97,2304,472.39,474.39,0,0,109
1172619,98,97,2304,472.39,472.39,0,0,28
1021963,99,97,2304,473.39,474.39,0,0,42
1158975,101,97,2304,473.39,473.39,0,0,27
1466793,102,97,2304,474.39,473.39,0,0,26
1405319,104,97,2304,474.39,473.39,0,0,42
1034166,105,97,2304,474.39,474.39,0,0,42
1151415,106,97,2304,472.39,472.39,0,0,41
1281412,107,97,2304,472.39,472.39,0,0,41
1423551,110,97,2304,473.39,472.39,0,0,53
1300744,111,97,2304,473.39,472.39,0,0,69
1052217,112,97,2304,473.39,474.39,0,0,27
1153461,113,97,2304,474.39,474.39,0,0,53
1059298,114,97,2304,474.39,472.39,0,0,53
1310467,115,97,2304,474.39,473.39,0,0,26
1448764,116,97,2304,473.39,472.39,0,0,96
1432872,117,97,2304,398.67,473.39,0,0,96
1089070,118,97,2304,387.03,472.39,0,0,55
1422808,119,97,2304,389.03,472.39,0,0,26
1157856,120,97,2304,389.03,472.39,0,0,107
1017646,121,97,2304,429.77,429.77,0,0,26
1178907,122,97,2304,468.51,469.51,0,0,27
1432276,123,97,2304,468.51,468.51,0,0,67
1260882,124,97,2304,469.51,469.51,0,0,28
1474774,125,97,2304,427.77,427.77,0,0,28
1140985,126,97,2304,387.03,389.03,0,0,55
1475233,127,97,2304,389.03,389.03,0,0,28
1164464,128,97,2304,387.03,389.03,0,1,42
1247861,129,97,2304,470.51,469.51,0,0,41
1467453,130,97,2304,469.51,470.51,0,0,42
1076187,131,97,2304,470.51,470.51,0,0,53
1423748,132,97,2304,469.51,469.51,0,0,40
1407434,133,97,2304,484.09,482.09,0,0,54
1235087,134,97,2304,482.09,483.09,0,0,15
1260887,135,97,2304,483.09,484.09,0,0,14
1210737,136,97,2304,484.09,482.09,0,0,15
1272821,137,97,2304,370.54,482.09,1,0,123
1137832,138,97,2304,389.03,484.09,0,0,41
1017101,139,97,2304,388.03,482.09,0,0,53
1493184,140,97,2304,483.09,484.09,0,0,28
1223633,141,97,2304,482.09,483.09,0,0,53
1151867,142,97,2304,483.09,482.09,0,0,69
1163078,143,97,2304,482.09,482.09,0,0,27
1475469,144,97,2304,482.09,484.09,0,0,27
1048732,145,97,2304,484.09,484.09,0,0,28
1226499,3,97,2139,455.93,454.93,0,0,27
1185201,4,97,2139,455.93,455.93,0,0,27
1232334,6,97,2139,456.93,455.93,0,0,28
1070830,10,97,2139,411.34,455.93,0,0,15
1409315,11,97,2139,455.93,455.93,0,0,14
1419985,12,97,2139,433.62,432.62,0,0,28
1374590,14,97,2139,434.62,432.62,0,0,54
1482219,16,97,2139,455.93,456.93,0,0,42
1327778,17,97,2139,454.93,455.93,0,0,15
1491103,18,97,2139,411.34,455.93,0,0,15
1151837,19,97,2139,454.93,454.93,0,0,27
1355400,20,97,2139,455.93,455.93,0,0,28
1100697,21,97,2139,454.93,454.93,0,0,15
1049314,23,97,2139,455.93,456.93,0,0,28
1401541,25,97,2139,454.93,456.93,0,0,14
1139109,26,97,2139,433.62,433.62,0,0,27
1388748,27,97,2139,409.34,410.34,0,0,14
1362896,28,97,2139,277.45,410.34,0,0,82
1074876,30,97,2139,298.82,410.34,0,0,41
1405209,31,97,2139,266.75,410.34,0,0,13
1362621,32,97,2139,291.06,410.34,0,0,55
1222769,33,97,2139,296.82,411.34,0,0,15
1356210,34,97,2139,266.75,410.34,0,0,13
1472518,36,97,2139,298.82,297.82,0,0,53
1166050,37,97,2139,289.12,288.12,0,0,28
1115518,38,97,2139,297.82,298.82,0,0,26
1396919,39,97,2139,266.75,296.82,0,0,40
1210888,40,97,2139,298.82,296.82,0,0,27
1371133,41,97,2139,297.82,297.82,0,0,27
1135565,42,97,2139,297.82,297.82,0,0,42
1050626,43,97,2139,307.49,307.49,0,0,42
1415245,44,97,2139,309.49,308.49,0,0,15
1370668,46,97,2139,309.49,309.49,0,0,67
1456879,47,97,2139,307.49,307.49,0,0,15
1373407,48,97,2139,308.49,309.49,0,0,28
1124813,50,97,2139,309.49,307.49,0,0,53
1142858,51,97,2139,309.49,308.49,0,0,13
1318309,52,97,2139,288.12,288.12,0,0,41
1484005,54,97,2139,281.33,281.33,0,0,26
1260856,55,97,2139,275.48,276.48,0,0,53
1201018,56,97,2139,291.03,290.03,0,0,14
1294943,57,97,2139,290.03,291.03,0,0,14
1175940,58,97,2139,297.85,295.85,0,0,40
1222694,59,97,2139,278.45,276.45,0,0,14
1374298,60,97,2139,275.48,275.48,0,0,41
1404512,61,97,2139,309.49,308.49,0,0,27
1174143,62,97,2139,307.49,309.49,0,0,14
1163266,64,97,2139,296.82,297.82,0,0,40
1141412,65,97,2139,292.97,292.97,0,0,28
1162466,66,97,2139,294.88,295.88,0,0,68
1329074,67,97,2139,309.49,308.49,0,0,15
1090137,68,97,2139,276.48,308.49,0,0,26
1486639,69,97,2139,244.5,307.49,0,0,40
1203414,70,97,2139,243.5,307.49,0,0,28
1329685,71,97,2139,244.5,309.49,0,0,67
1260493,73,97,2139,263.9,309.49,0,0,96
1346702,74,97,2139,295.91,295.91,0,0,69
1338929,75,97,2139,290.03,290.03,0,0,26
1286472,76,97,2139,285.24,283.24,0,0,54
1347480,77,97,2139,291.03,292.03,0,0,54
1290842,79,97,2139,292.03,290.03,0,0,42
1264212,80,97,2139,291.03,290.03,0,0,14
1010396,81,97,2139,290.03,292.03,0,0,40
1183857,82,97,2139,277.48,276.48,0,0,28
1178966,83,97,2139,290.03,291.03,0,0,28
1023912,84,97,2139,292.03,292.03,0,0,53
1413950,85,97,2139,291.03,291.03,0,0,42
1145113,86,97,2139,291.03,290.03,0,0,40
1284704,87,97,2139,290.03,292.03,0,0,55
1146835,88,97,2139,290.03,291.03,0,0,67
1055887,89,97,2139,287.15,287.15,0,0,94
1156642,90,97,2139,284.21,285.21,0,0,67
1338869,91,97,2139,290.03,292.03,0,0,69
1277548,92,97,2139,283.3,282.3,0,0,95
1233839,93,97,2139,291.03,291.03,0,0,69
1410903,94,97,2139,283.24,283.24,0,0,107
1341637,95,97,2139,292.03,290.03,0,0,27
1265691,96,97,2139,288.12,288.12,0,0,136
1325017,97,97,2139,283.3,281.3,0,0,94
1297372,98,97,2139,284.21,285.21,0,0,69
1232409,99,97,2139,284.24,285.24,0,0,53
1150980,100,97,2139,285.24,285.24,0,0,53
1320994,101,97,2139,261.93,260.93,0,0,15
1186904,102,97,2139,292.03,292.03,0,0,28
1207397,103,97,2139,279.39,280.39,0,0,42
1463312,104,97,2139,282.33,281.33,0,0,69
1008452,105,97,2139,284.21,285.21,0,0,55
1414117,106,97,2139,292.03,291.03,0,0,55
1297204,107,97,2139,283.24,283.24,0,0,55
1377273,108,97,2139,280.33,280.33,0,0,40
1247762,109,97,2139,292.03,290.03,0,0,13
1211245,110,97,2139,290.03,291.03,0,0,14
1056589,111,97,2139,272.57,272.57,0,0,68
1226416,112,97,2139,275.48,277.48,0,0,26
1088856,113,97,2139,286.15,286.15,0,0,94
1482688,114,97,2139,280.33,280.33,0,0,42
1234982,115,97,2139,291.03,291.03,0,0,40
1321070,116,97,2139,281.33,282.33,0,0,40
1155480,117,97,2139,292.03,290.03,0,0,14
1223815,118,97,2139,292.03,292.03,0,0,13
1294142,119,97,2139,290.03,290.03,0,0,41
1299906,120,97,2139,283.24,283.24,0,0,54
1221472,121,97,2139,291.03,292.03,0,0,42
1417494,122,97,2139,292.03,290.03,0,0,13
1484797,123,97,2139,287.18,286.18,0,0,69
1222172,124,97,2139,275.48,275.48,0,0,28
1389363,125,97,2139,290.03,291.03,0,0,27
1163101,126,97,2139,277.48,276.48,0,0,26
1181593,127,97,2139,290.03,292.03,0,0,13
1105575,128,97,2139,262.93,292.03,0,0,14
1360976,129,97,2139,290.03,290.03,0,0,26
1083127,130,97,2139,277.48,275.48,0,0,26
1273045,131,97,2139,290.03,292.03,0,0,26
1431086,132,97,2139,286.21,286.21,0,0,67
1280459,133,97,2139,292.03,292.03,0,0,13
1017661,134,97,2139,286.18,286.18,0,0,81
1042863,135,97,2139,281.33,282.33,0,0,42
1218859,136,97,2139,276.48,275.48,0,0,28
1120284,137,97,2139,290.03,292.03,0,0,27
1101424,138,97,2139,280.33,282.33,0,0,54
1306315,139,97,2139,290.03,291.03,0,0,28
1105674,140,97,2139,290.03,290.03,0,0,13
1366499,141,97,2139,291.03,291.03,0,0,42
1142965,142,97,2139,279.42,279.42,0,0,96
1419101,143,97,2139,281.33,282.33,0,0,40
1207975,145,97,2139,291.03,292.03,0,0,42
1489432,16,97,2664,327.89,326.89,0,0,40
1313227,17,97,2664,326.89,326.89,0,0,419
1247418,18,97,2664,327.89,327.89,0,0,622
1084578,19,97,2664,327.89,328.89,0,0,499
1027350,20,97,2664,328.89,328.89,0,0,514
1131323,21,97,2664,328.89,328.89,0,0,472
1027531,22,97,2664,326.89,327.89,0,0,499
1240285,23,97,2664,326.89,328.89,0,0,553
1332645,24,97,2664,326.89,328.89,0,0,648
1283435,25,97,2664,326.89,326.89,0,0,419
1029467,26,97,2664,328.89,328.89,0,0,688
1375427,27,97,2664,246.44,327.89,0,0,729
1273633,28,97,2664,328.89,326.89,0,0,582
1440279,29,97,2664,328.89,328.89,0,0,445
1319613,30,97,2664,326.89,326.89,0,0,757
1183337,31,97,2664,326.89,326.89,0,0,553
1340023,32,97,2664,328.89,326.89,0,0,716
1200120,33,97,2664,327.89,327.89,0,0,783
1174385,34,97,2664,327.89,328.89,0,0,647
1228847,35,97,2664,326.89,327.89,0,0,499
1097116,36,97,2664,326.89,326.89,0,0,446
1449075,37,97,2664,247.41,327.89,1,0,932
1440287,38,97,2664,326.89,326.89,0,0,582
1026641,39,97,2664,328.89,326.89,0,0,701
1488141,40,97,2664,328.89,326.89,0,0,553
1377534,41,97,2664,326.89,327.89,0,0,635
1161322,42,97,2664,326.89,328.89,0,0,608
1440666,43,97,2664,326.89,327.89,0,0,445
1082083,44,97,2664,326.89,328.89,0,0,566
1352452,45,97,2664,327.89,327.89,0,0,420
1472025,46,97,2664,327.89,327.89,0,0,256
1428666,47,97,2664,326.89,328.89,0,0,391
1418520,48,97,2664,326.89,327.89,0,0,431
1172710,49,97,2664,326.89,326.89,0,0,445
1054093,50,97,2664,327.89,327.89,0,0,420
1270895,51,97,2664,328.89,328.89,0,0,447
1344084,52,97,2664,326.89,328.89,0,0,620
1010938,53,97,2664,326.89,327.89,0,0,433
1446778,54,97,2664,327.89,326.89,0,0,541
1254946,55,97,2664,327.89,326.89,0,0,622
1256212,56,97,2664,264.87,328.89,1,1,1689
1473853,57,97,2664,262.93,327.89,1,1,1054
1428081,58,97,2664,325.98,324.98,0,0,568
1489340,59,97,2664,326.89,326.89,0,0,555
1252245,60,97,2664,326.89,326.89,0,0,420
1098593,61,97,2664,327.89,327.89,0,0,595
1110800,62,97,2664,328.89,326.89,0,0,95
1270175,63,97,2664,327.89,328.89,0,0,431
1235948,64,97,2664,326.89,326.89,0,0,472
1234224,65,97,2664,318.19,319.19,0,0,539
1173854,66,97,2664,328.89,326.89,0,0,580
1119597,67,97,2664,328.89,326.89,0,0,566
1013633,68,97,2664,326.89,327.89,0,0,377
1451453,69,97,2664,327.89,326.89,0,0,513
1166635,70,97,2664,320.16,318.16,0,0,351
1430666,71,97,2664,327.89,326.89,0,0,553
1419615,72,97,2664,326.89,327.89,0,0,447
1355055,73,97,2664,328.89,326.89,0,0,392
1176659,74,97,2664,327.89,328.89,0,0,431
1211252,75,97,2664,328.89,328.89,0,0,474
1249970,76,97,2664,326.89,327.89,0,0,377
1212287,77,97,2664,327.89,327.89,0,0,311
1002977,78,97,2664,312.37,312.37,0,0,364
1261662,79,97,2664,309.43,309.43,0,0,311
1151703,80,97,2664,310.43,309.43,0,0,269
1375032,81,97,2664,311.43,311.43,0,0,500
1166353,82,97,2664,244.47,310.43,1,1,1270
1157518,83,97,2664,310.43,311.43,0,0,568
1405335,84,97,2664,309.43,311.43,0,0,594
1436454,85,97,2664,309.43,310.43,0,0,688
1452542,86,97,2664,309.43,309.43,0,0,485
1477272,87,97,2664,311.43,311.43,0,0,622
1056964,88,97,2664,310.43,309.43,0,0,554
1485869,89,97,2664,309.43,310.43,0,0,418
1101084,90,97,2664,310.43,310.43,0,0,472
1448931,91,97,2664,309.43,311.43,0,0,485
1163897,92,97,2664,311.43,309.43,0,0,351
1106244,93,97,2664,310.43,309.43,0,0,351
1230989,94,97,2664,309.43,311.43,0,0,339
1429775,95,97,2664,311.43,309.43,0,0,540
1335235,96,97,2664,309.43,310.43,0,0,339
1394201,97,97,2664,299.73,301.73,0,0,204
1432890,98,97,2664,298.79,298.79,0,0,366
1067901,99,97,2664,311.43,310.43,0,0,338
1459568,100,97,2664,311.43,310.43,0,0,501
1248246,101,97,2664,310.43,310.43,0,0,298
1306386,102,97,2664,310.43,309.43,0,0,474
1238593,103,97,2664,311.43,310.43,0,0,364
1033040,104,97,2664,311.43,309.43,0,0,555
1341080,105,97,2664,310.43,310.43,0,0,460
1461056,106,97,2664,311.43,311.43,0,0,487
1012799,107,97,2664,311.43,309.43,0,0,420
1474127,108,97,2664,310.43,310.43,0,0,501
1388047,109,97,2664,310.43,309.43,0,0,541
1177487,110,97,2664,300.76,300.76,0,0,393
1123264,111,97,2664,299.76,299.76,0,0,405
1189258,112,97,2664,310.43,311.43,0,0,446
1491873,113,97,2664,309.43,309.43,0,0,365
1140865,114,97,2664,310.43,310.43,0,0,460
1227341,115,97,2664,244.47,310.43,1,1,1241
1421730,116,97,2664,243.53,310.43,0,1,906
1469391,117,97,2664,307.55,307.55,0,0,472
1071491,118,97,2664,309.43,310.43,0,0,378
1057472,119,97,2664,302.67,301.67,0,0,526
1105539,120,97,2664,310.43,309.43,0,0,445
1340705,121,97,2664,311.43,310.43,0,0,593
1138208,122,97,2664,310.43,310.43,0,0,528
1383678,123,97,2664,311.43,311.43,0,0,459
1416440,124,97,2664,309.43,310.43,0,0,568
1029224,125,97,2664,309.43,310.43,0,0,312
1461468,126,97,2664,329.83,328.83,0,0,323
1344296,127,97,2664,340.53,339.53,0,0,284
1280158,128,97,2664,339.53,339.53,0,0,311
1370116,129,97,2664,340.53,339.53,0,0,136
1201655,130,97,2664,340.53,340.53,0,0,163
1443764,131,97,2664,340.53,339.53,0,0,204
1072294,132,97,2664,339.53,340.53,0,0,203
1048879,133,97,2664,339.53,340.53,0,0,189
1248786,134,97,2664,339.53,338.53,0,0,296
1269820,135,97,2664,314.31,313.31,0,0,217
1404067,136,97,2664,326.95,325.95,0,0,377
1414640,137,97,2664,340.53,338.53,0,0,177
1275918,138,97,2664,338.53,338.53,0,0,204
1271455,139,97,2664,340.53,340.53,0,0,312
1195780,140,97,2664,324.95,325.95,0,0,177
1431584,141,97,2664,318.16,318.16,0,0,215
1423332,142,97,2664,293.94,293.94,0,0,231
1233952,143,97,2664,322.07,321.07,0,0,296
1046994,144,97,2664,244.44,322.07,1,0,661
1247694,145,97,2664,248.38,321.07,0,1,540
